进行性颈部肿块
打软腿
耳痛
窦性停搏
端坐呼吸
腓骨肌对称萎缩逐
骶部可有皮赘，形
肠管出血
臭汗
呼吸异常
β-氨基酸尿
疤痕形成
多发性针尖样瘀点
并指（趾）畸形
抽筋
肠狭窄
脊肋角膨隆
呃逆
胃肠胀气
逆行性细菌感染
电机械分离现象
多发性结节
肝质地硬
持续性疼痛
目赤
甲状旁腺功能亢进
耳鸣
反复感冒
眩晕
喉头痉挛
腹股沟区可复性肿
鼻咽癌的远处转移
瓣膜小叶增厚
败血症的征象
胃肠气胀
白头粉刺
白色黏液状尿
肝肿大
白细胞增多
腰腿痛
搭肩试验阳性
鼻窦气压伤
持续性发热
白喉假膜形成
鼻出血
恶心呕吐
贫血
泌尿系统感染
便血
餐后血糖过低
膀胱刺激症
鼻衂
颈短
鼻衄
肾区叩击痛
法乐四联症
鼻唇沟变浅
硬脊膜膨出
氨基酸尿症
干性脚气
扁平型骨盆
嗳气
鼻塞
半乳糖血症
梗噎
高草酸尿
出汗减少
皮肤肿瘤
寰枢关节不稳定
白瞳征
鼻塞排出脓性或血
肠闭锁
反复抽搐
膀胱排空不全
颈部怕前屈，怕仰
肠穿孔
骶髂关节疼痛
神经衰弱
颈背疼痛
持续性剧烈的肩痛
臂丛神经受累
病理性赘述
丹毒
产后胸部下垂
嗳气时有腐败鸡蛋
奔马律心音
匐行疹
胸腰椎压缩性骨折
甲亢危象
传导阻滞
乳汁不足
肥胖
儿童胸廓变形
肠系膜囊肿
不稳定性心绞痛
板状腹
肠道血管畸形
孤立肾
出血倾向
红眼
肠易激综合征
脊椎僵直
椎间隙变化
白血病细胞浸润
鼻尖上翘呈马鞍状
颈部囊性病变
腓肠肌拉伤
动脉盗血
鼻孔流脓
癌性发热
干性脂溢
非对称性紧张性颈
鼻裂
腰背的持续隐痛
尿量异常
多形红斑样皮疹
膀胱容量的减少
抽搐
病理性醉酒
高度膨胀的毛细血
发绀
气息异常
暴发性痛
表皮发生钙化
鼻端肥大
局限性肾坏死
鼻脓涕有臭味
颈部可前屈，怕仰
房性早搏
高尿酸血症
泪液过多
呼吸气为尿臭味
层状鱼鳞癣
“淡漠型”甲亢
部位不定的疼痛
肠管变形
排钾过多
尿内出现蛋白及管
齿轮样强直
爆发性水泻
环甲肌失去收缩或
下背部僵硬和疼痛
鼻小柱缺损
触诊无肺动脉关闭
喉头水肿
肠蠕动减慢
大疱（含脓性液体
多发性骨折
肾病综合症
产后小腹坠痛
鼻咽腔狭窄
角膜浑浊
囊性肿块
不良建筑综合征
恶性胸水
大腿以下或膝以下
背部酸痛
痱疹样皮疹
反复肺不张
感觉障碍
鼻旁窦发育不良
骶椎腰化
呼吸减慢而不规则
急性肾衰竭
鼻端形态不佳
鞍鼻
腓肠肌撕裂
心悸
肠绒毛萎缩
慢性肾衰竭
儿童行动迟缓
甲状腺肿大
肠外结核
大腿局部肿胀变形
脊神经根受损
膀胱痉挛
集合管或乳头弥散
尿痛
颈部粗
咯血
肠壁水肿增厚
不典型胸痛
第1跖趾关节疼痛和
皮肤硬化
腮腺肿
睡眠障碍
脊柱前突变直局部
皮肤损害
肥厚瘢痕
囊性坏死
不自主运动
持续性弛张热
肠鸣
多处疼痛
蓖麻子便中常见蓖
鼻粘膜溃疡和萎缩
腓肠肌痉挛性疼痛
剧烈运动后腰痛
白色念珠菌感染
呼吸困难
癌细胞逆行播散
鼻溢液
鼻涕
逼尿肌无反射
鼻煽
白细胞减少
鼻根部水肿
反复上呼吸道感染
心律失常
风湿性血管炎
喉头发紧
疤痕处破损后出现
持续的肌肉收缩
慢性肾损害
抽风
肠鸣音消失
出现毒性颗粒
不宁腿综合征
驼背
出冷汗
大动脉错位
肝肾综合征
色素异常
腹水
高同型半胱氨酸血
鼻外部膨胀隆起
颈部潮红
骶尾椎融合
鼻端弥漫性潮红
动脉血管硬化变脆
肠道张力减低
脊髓休克
眼球突出
颈部淋巴结肿大
喘息
膀胱膨隆
腓肠肌痉挛
窦房传导阻滞
近曲小管受累
鼻痒
骶髂部剧烈疼痛
紧张不安
打嗝
癌性输尿管狭窄
骶尾部急性脓肿
吞咽困难
常染色体畸变
逼尿肌反射亢进
成年后的容貌仍似
后发际低
马尾损伤
髌后捻发音
闭经-乳溢-不育三
便秘
二羧基氨基酸尿
脊髓半切综合征
持物不稳
百特异症状
髌前空虚感
肥胖纹
结节
穿透性皮肤变性
脊髓马尾受累
儿童髋部疼痛
饭后心跳加快
泌尿道阻塞
下背部酸痛
肺下叶周围呈节段
肠道转运障碍
泌尿系感染
岔气
干性皮肤
尿中持续性排钠
眼痛
椎管大小变化
垂腕
喉部堵塞感
膀胱残余尿量增多
少儿脊柱侧凸
尿酸化异常
鼻唇沟发红皲裂
肩背部沉重感
喉部痉挛
喉结不明显
低血压
闭孔神经损害
疱疹
膀胱结核
腓肠肌强直收缩并
半年或1岁以后逐步
背脊痛
视力障碍
寰枢脱位
咽部异感症
短颈
反向搏动
肠壁坏死
对侧肢体偏瘫
步态不稳
斑疹
少尿
颈动脉窦性晕厥
鼻泪管阻塞
甲状腺肿
鼻粘膜溃疡
颈部强硬
大腿内侧红斑
剥脱性皮炎
肠壁纤维化
婴儿脊柱侧凸
颈部搏动
第5指短小弯曲
膀胱纤维化
斑秃
阿司匹林过敏
颤抖
膀胱结石
红斑结节
耳聋
尿道结石
丹毒样外观
代偿性腰椎前凸
抗-HCVAg阳性
股沟及大腿内侧皮
多尿
房室分离
肠道吸收水分增加
冻结肩
高血压
斑丘疹
腹胀
脊髓梗死
鼻腔干燥及结痂
喉管阻塞
肝掌
呕血
鼻粘膜苍白水肿
反复肺炎
膀胱憩室
鼻干
鼻分泌物增多
瓣膜增厚
闭经
肩部或肩胛区持续
颈肩痛
房内传导阻滞
表皮角化
不明原因发热
紫癜
肠蠕动减少
面部痛
胃食管反流性疾病
背痛
腓肠肌压痛
脊柱后突
贲门弛缓
潮汗
产褥期谵妄状态
持续发烧
鼻梁平塌
背部出现小水泡
便秘伴腹部包块
二碱基氨基酸尿症
腹泻
椎节后缘有骨刺形
胱氨酸储积症
脊髓出血
脊柱骨质改变
阿罗瞳孔
腹股沟淋巴结肿大
腹部包块
肠麻痹
方肩畸形
瘙痒
charcot征
肠麻痹软瘫
烦渴多饮
动脉导管未闭
点状痤疮
扁平足
出现喉结
肠痉挛
肥胖症
痤疮样皮疹
脊柱的成角畸形
感觉性共济失调
脓疱
点头征
脊柱侧弯
多指（趾）畸形
腰骶部皮肤多毛、
闭襻肠段
多汗且臭味较浓
紫绀
毛发异常
白细胞尿
鼻部结核
过敏性皮炎
水肿
脊柱生理弯曲消失
呼吸衰竭
便秘伴剧烈腹痛
暴胀的颞浅动脉
尿常规异常
巴宾斯基征阳性
鼻内痛
杵状指（趾）
糙皮病样皮疹
房室管畸形
面瘫
神经痛
单腿半蹲痛
鳞屑
红斑
骨质疏松
喉鸣声
窦房结病变
弥漫性下腰痛
咯痰
头痛
声音嘶哑
耳溢液
不可克制的饮酒冲
白大衣效应
髌骨缺失或发育不
出汗异常
发热
运动传导束受累
膀胱功能障碍
反酸
肩部运动受限
鼻端缺损
白带
鼻尖或鼻翼出现带
扁平苔藓
败血症
干燥斑
甲状腺功能低下
餐后发作性腹痛
视力问题
颈静脉充盈
出血性丘疹
弛张热
冻疮
低射血分数
口腔痛
呈肾上腺素能依赖
干性坏疽
蛋白尿
黄疸
气胸
串珠肋
鼻翼扇动
肠道蛔虫感染
肺性肥大
反复发作右肺感染
蹲踞现象
肌肉萎缩
颈部疼痛
口臭溃疡
房性逸搏心律加速
晨僵
慢性肾功能不全
肠壅积
对称性肌无力
肠梗死
疤痕增生
鼻臭症
蝶形骨折
促甲状腺激素释放
腹痛
第3腰椎横突的深部
产后手指痛
点状出血
不排胎便
咳痰
房室传导阻滞
非对称性关节痛
凹陷瘢痕
脊髓横贯损害
低钙血症
脖子扭痛
脊髓的浸润
免疫性肾炎
碘甲亢
咳嗽
房间隔缺损
潮红潮热
咽喉痛
反射性腰痛
高渗尿
恶病性痤疮 
多汗症
尿少
恶心与呕吐
单纯骨折
餐后综合征
八字脚步态
单侧及假性手足徐
反复发作的带状疱
“多音律”心音
昏迷
风团
鼻翼边缘缺损
阴雨天颈肩背部酸
CO2潴留
二尖瓣脱垂
肠出血
低分子蛋白尿
伴有生动鲜明的恐
等渗尿
尿急
毳毛旺盛粗黑有光
侧支循环发育不充
水中毒
体重减轻
淋巴结肿大
带状疱疹样外观
安静腹
肠套叠
尿血
黑粪
肠淤滞
猝死
鼻翼上方缺损
胸痛
食欲异常
窦道相
步态异常
大转子叩痛
暴力冲动行为
扁平苔癣